Search results:

Solution 1:
V:K -->
_0:Type -> (_1:Type -> (_2:Type -> (_3:Type -> (_4:Type -> (_5:Type -> (_6
  :Type -> (_7:Type -> (_8:Type -> (_9:Type -> (_10:Type -> (_11:Type -> (_12
  :Type -> (_13:Type -> (_14:Type -> (_15:Type -> (_16:Type -> _0)))))))))))))
  )))
