Search results:

Solution 1:
V:K -->
_0:Type -> (_1:Type -> (_2:Type -> _2))
