Search results:

Solution 1:
V:K -->
(_0:Type -> _1:Type) -> ((_1 -> _2:Type) -> (_0 -> _2))
