Search results:

Solution 1:
V:K -->
bool -> (_0:Type -> (_0 -> _0))
