Search results:

Solution 1:
V:K -->
_0:Type -> int
