Search results:

Solution 1:
V:K -->
bool -> _0:Type = (int -> _1:Type) ~> _1 ~> if _0 then HOLE else bool -> _0 2
   ~> (bool -> _0) -> HOLE ~> (HOLE (lambda x . x))
