Search results:

Solution 1:
V:K -->
(int -> _0:Type) -> (int -> _0)
