Search results:

Solution 1:
V:K -->
bool -> _0:Type = (int -> _1:Type) ~> _1 ~> if _0 then HOLE else f 2 ~> tenv (
   x |-> bool -> _0 ) ~> (bool -> _0) -> HOLE ~> tenv ( .Map )
