Search results:

Solution 1:
<T>
    <k>
        (++ x) ~> (HOLE / ((++ x) / x)) ~> y = HOLE ;
    </k>
    <state>
        x |-> 1
        y |-> 0
    </state>
</T>

Solution 2:
<T>
    <k>
        (++ x) ~> (HOLE / 1) ~> ((++ x) / HOLE) ~> y = HOLE ;
    </k>
    <state>
        x |-> 1
        y |-> 0
    </state>
</T>

Solution 3:
<T>
    <k>
        (++ x) ~> (HOLE / x) ~> ((++ x) / HOLE) ~> y = HOLE ;
    </k>
    <state>
        x |-> 1
        y |-> 0
    </state>
</T>
