Search results:

Solution 1:
Solution:Map -->
Y:Term |-> _0:Term
Z:Term |-> cons ( a, _0 )

