Search results:

Solution 1:
Solution:Map -->
L:Term |-> cons ( _0:Term, cons ( _0, nil ) )

Solution 2:
Solution:Map -->
L:Term |-> cons ( _0:Term, cons ( _1:Term, cons ( _0, nil ) ) )

Solution 3:
Solution:Map -->
L:Term |-> cons ( _0:Term, cons ( _1:Term, cons ( _1, cons ( _0, nil ) ) ) )

Solution 4:
Solution:Map -->
L:Term |-> cons ( _0:Term, nil )

Solution 5:
Solution:Map -->
L:Term |-> nil
