Search results:

Solution 1:
V:K -->
a ~> (HOLE ((lambda x . (lambda y . x) y) z))

Solution 2:
V:K -->
y ~> closure ( .Map , x , lambda y . x ) HOLE ~> HOLE z ~> (a HOLE)

Solution 3:
V:K -->
y ~> lambda x . (lambda y . x) HOLE ~> HOLE z ~> (a HOLE)

Solution 4:
V:K -->
z ~> (lambda x . (lambda y . x) y) HOLE ~> (a HOLE)
