Search results:

Solution 1:
<T>
    <threads>
        .Bag
    </threads>
    <store>
        1 |-> 11
    </store>
    <in>
        ListItem(#buffer ( "" ))
    </in>
    <out>
        ListItem(#buffer ( "x = 11\n" ))
    </out>
</T>

Solution 2:
<T>
    <threads>
        .Bag
    </threads>
    <store>
        1 |-> 11
    </store>
    <in>
        ListItem(#buffer ( "" ))
    </in>
    <out>
        ListItem(#buffer ( "x = 23\n" ))
    </out>
</T>

Solution 3:
<T>
    <threads>
        .Bag
    </threads>
    <store>
        1 |-> 11
    </store>
    <in>
        ListItem(#buffer ( "" ))
    </in>
    <out>
        ListItem(#buffer ( "x = 33\n" ))
    </out>
</T>

Solution 4:
<T>
    <threads>
        .Bag
    </threads>
    <store>
        1 |-> 16
    </store>
    <in>
        ListItem(#buffer ( "" ))
    </in>
    <out>
        ListItem(#buffer ( "x = 16\n" ))
    </out>
</T>

Solution 5:
<T>
    <threads>
        .Bag
    </threads>
    <store>
        1 |-> 16
    </store>
    <in>
        ListItem(#buffer ( "" ))
    </in>
    <out>
        ListItem(#buffer ( "x = 23\n" ))
    </out>
</T>

Solution 6:
<T>
    <threads>
        .Bag
    </threads>
    <store>
        1 |-> 16
    </store>
    <in>
        ListItem(#buffer ( "" ))
    </in>
    <out>
        ListItem(#buffer ( "x = 33\n" ))
    </out>
</T>

Solution 7:
<T>
    <threads>
        .Bag
    </threads>
    <store>
        1 |-> 21
    </store>
    <in>
        ListItem(#buffer ( "" ))
    </in>
    <out>
        ListItem(#buffer ( "x = 11\n" ))
    </out>
</T>

Solution 8:
<T>
    <threads>
        .Bag
    </threads>
    <store>
        1 |-> 21
    </store>
    <in>
        ListItem(#buffer ( "" ))
    </in>
    <out>
        ListItem(#buffer ( "x = 21\n" ))
    </out>
</T>

Solution 9:
<T>
    <threads>
        .Bag
    </threads>
    <store>
        1 |-> 21
    </store>
    <in>
        ListItem(#buffer ( "" ))
    </in>
    <out>
        ListItem(#buffer ( "x = 23\n" ))
    </out>
</T>

Solution 10:
<T>
    <threads>
        .Bag
    </threads>
    <store>
        1 |-> 33
    </store>
    <in>
        ListItem(#buffer ( "" ))
    </in>
    <out>
        ListItem(#buffer ( "x = 11\n" ))
    </out>
</T>

Solution 11:
<T>
    <threads>
        .Bag
    </threads>
    <store>
        1 |-> 33
    </store>
    <in>
        ListItem(#buffer ( "" ))
    </in>
    <out>
        ListItem(#buffer ( "x = 23\n" ))
    </out>
</T>

Solution 12:
<T>
    <threads>
        .Bag
    </threads>
    <store>
        1 |-> 33
    </store>
    <in>
        ListItem(#buffer ( "" ))
    </in>
    <out>
        ListItem(#buffer ( "x = 33\n" ))
    </out>
</T>
