Search results:

Solution 1:
V:K -->
x ~> HOLE, .Names ~> 2, HOLE ~> assignTo ( x, y , HOLE ) ~> y ~> env ( x |->
   1 ) ~> env ( .Map )
