Search results:

Solution 1:
V:K -->
bool -> _0:Type = (int -> _1:Type) ~> _1 ~> if _0 then HOLE else id 2 ~> (bool
   -> _0) -> HOLE ~> tenv ( .Map ) ~> (HOLE (lambda x . x))
