Search results:

Solution 1:
V:K -->
fun (x -> (fun ([ y ] -> y)) [ x ])
