<T>
    <k>
        "x = " ~> HOLE, .AExps ~> print ( HOLE ) ; ~> x = read ( ) ; ~> 
          spawn x = x / 2 ; ~> spawn x = x + 10 ; ~> print ( x, "\n" ) ;
    </k>
    <env>
        x |-> 1
    </env>
    <store>
        1 |-> 0
    </store>
</T>
